// Jest Snapshot v1, https://goo.gl/fbAQLP

exports[`Text Component should match with snapshot 1`] = `
<div>
  <p
    class="rt-Text rt-r-weight-regular text-sm font-regular font-regular"
  >
    This is a text
  </p>
</div>
`;
