// Jest Snapshot v1, https://goo.gl/fbAQLP

exports[`InputGroup Component renders correctly and matches snapshot 1`] = `
<DocumentFragment>
  <div
    class="rt-Flex rt-r-fd-column gap-1.5"
  >
    <label
      class="rt-Text rt-r-weight-regular text-base text-dark"
    >
      Email Address
    </label>
    <div
      class="rt-Box w-full"
    >
      <div
        class="rt-Flex rt-r-ai-center rt-r-jc-center flex justify-center items-center px-5 py-[15px] border gap-3 w-full rounded-[15px] border-input dark:bg-light"
      >
        <div
          class="rt-TextFieldRoot rt-r-size-2 rt-variant-surface w-full text-regular focus:outline-none text-dark placeholder:text-base dark:bg-dark dark:bg-light"
        >
          <input
            class="rt-reset rt-TextFieldInput"
            name="email"
            placeholder="Enter your email"
            spellcheck="false"
            type="email"
            value=""
          />
        </div>
      </div>
    </div>
  </div>
</DocumentFragment>
`;
