// Jest Snapshot v1, https://goo.gl/fbAQLP

exports[`Heading Component should match with snapshot 1`] = `
<div>
  <h1
    class="rt-Heading rt-r-size-6 rt-r-weight-bold text-lg font-bold text-dark "
  >
    This is a heading
  </h1>
</div>
`;
