// Jest Snapshot v1, https://goo.gl/fbAQLP

exports[`LoadingSpinner component matches the snapshot 1`] = `
<div>
  <div
    class="rt-Box loading-container"
  >
    <span
      class="rt-Box loading-indicator"
    />
  </div>
</div>
`;
